--- Starting CSV Robustness Tests ---

Test 1: UTF-8 Comma
INFO: Successfully read CSV with encoding utf-8
WARN: No keyword column found. Using first column: ke
Result: ['ke', 'ke']
FAIL: 

Test 2: Latin-1 Semicolon
INFO: Successfully read CSV with encoding latin-1
Result: ['CafÚ', 'AþÒo']
PASS

Test 3: No Header (Auto-detect first col)
INFO: Successfully read CSV with encoding utf-8
FAIL: No valid keywords found in file
